OpenStackInstanceExporterUnavailable|none
OpenStackInstanceExporterConntrackRawReaderFailed|none
OpenStackInstanceExporterConntrackReadStale|none
OpenStackInstanceExporterHostConntrackReadErrors|conntrack
OpenStackInstanceExporterLibvirtCollectionUnhealthy|none
OpenStackInstanceExporterLibvirtDataStale|none
OpenStackInstanceExporterTorExitListRefreshStale|none
OpenStackInstanceExporterTorRelayListRefreshStale|none
OpenStackInstanceExporterSpamhausListRefreshStale|none
OpenStackInstanceExporterEmergingThreatsListRefreshStale|none
OpenStackInstanceExporterCustomListRefreshStale|none
OpenStackInstanceExporterCollectionCycleNearInterval|none
OpenStackInstanceExporterHostCPUPressureSustained|none
OpenStackInstanceExporterHostMemoryPressureSustained|none
OpenStackInstanceExporterHostConntrackUtilizationHigh|conntrack
OpenStackInstanceHighStealRate|libvirt
OpenStackInstanceHighMemorySwapInRate|libvirt
OpenStackInstanceHighMajorFaultRate|libvirt
OpenStackInstanceDiskReadLatencyHigh|libvirt
OpenStackInstanceDiskWriteLatencyHigh|libvirt
OpenStackInstanceDiskFlushLatencyHigh|libvirt
OpenStackInstanceNetworkReceiveDropRatioHigh|libvirt
OpenStackInstanceNetworkTransmitDropRatioHigh|libvirt
OpenStackInstanceThreatScoreHigh|libvirt,conntrack
OpenStackInstanceThreatScoreSevere|libvirt,conntrack
OpenStackInstanceOutboundPortScanBurst|libvirt,conntrack
OpenStackInstanceInboundPortScanBurst|libvirt,conntrack
OpenStackInstanceOutboundSingleTargetFlood|libvirt,conntrack
OpenStackInstanceInboundSingleSourceFlood|libvirt,conntrack
OpenStackInstanceOutboundSprayOnSinglePort|libvirt,conntrack
OpenStackInstanceInboundSprayOnSinglePort|libvirt,conntrack
OpenStackInstanceTorExitRepeatedContact|libvirt,conntrack
OpenStackInstanceSpamhausRepeatedContact|libvirt,conntrack
OpenStackInstanceTorRelayRepeatedContact|libvirt,conntrack
OpenStackInstanceEmergingThreatsRepeatedContact|libvirt,conntrack
OpenStackInstanceCustomListRepeatedContact|libvirt,conntrack
OpenStackInstanceExporterHostThreatListed|none
OpenStackInstanceMiningSuspected|libvirt,conntrack
OpenStackInstanceAttentionHigh|libvirt,conntrack
OpenStackInstanceAttentionSevere|libvirt,conntrack
OpenStackInstanceBehaviorScoreHigh|libvirt,conntrack
OpenStackInstanceBehaviorScoreCritical|libvirt,conntrack
OpenStackInstanceHighResourcePressure|libvirt,conntrack
OpenStackInstanceSevereResourcePressure|libvirt,conntrack
OpenStackInstanceResourceCPUHigh|libvirt
OpenStackInstanceResourceCPUSevere|libvirt
OpenStackInstanceResourceMemHigh|libvirt
OpenStackInstanceResourceMemSevere|libvirt
OpenStackInstanceResourceDiskHigh|libvirt
OpenStackInstanceResourceDiskSevere|libvirt
OpenStackInstanceResourceNetHigh|libvirt,conntrack
OpenStackInstanceResourceNetSevere|libvirt,conntrack
OpenStackProjectManyHotInstances|libvirt,conntrack
OpenStackInstanceHighCPUUsage|libvirt
OpenStackInstanceHighDiskReadIOPSLocal|libvirt
OpenStackInstanceHighDiskReadIOPSVolumes|libvirt
OpenStackInstanceHighDiskReadIOPSPremium|libvirt
OpenStackInstanceHighDiskReadIOPSUltra|libvirt
OpenStackInstanceHighDiskWriteIOPSLocal|libvirt
OpenStackInstanceHighDiskWriteIOPSVolumes|libvirt
OpenStackInstanceHighDiskWriteIOPSPremium|libvirt
OpenStackInstanceHighDiskWriteIOPSUltra|libvirt
OpenStackInstanceHighDiskGBReadTotalLongTerm|libvirt
OpenStackInstanceHighDiskGBWriteTotalLongTerm|libvirt
OpenStackInstanceHighIncomingPacketRate|libvirt
OpenStackInstanceHighOutgoingPacketRate|libvirt
OpenStackInstanceHighBandwidthRateRX|libvirt
OpenStackInstanceHighBandwidthRateTX|libvirt
OpenStackInstanceConntrackFlowsBurst|libvirt,conntrack
OpenStackInstanceHighConntrackFlowsSustained|libvirt,conntrack
OpenStackInstanceZombieFlowWarning|libvirt,conntrack
OpenStackInstanceOutboundZombieFlowLowThroughput|libvirt,conntrack
OpenStackInstanceInboundZombieFlowLowThroughput|libvirt,conntrack
OpenStackInstanceOutboundExtremeRemoteFanout|libvirt,conntrack
OpenStackInstanceInboundExtremeRemoteFanout|libvirt,conntrack
OpenStackInstanceConntrackFlowsGrowthRate|libvirt,conntrack
OpenStackInstanceExporterProcessCPUHigh|none
OpenStackInstanceMiningCandidatePersistent|libvirt,conntrack
