OpenStackInstanceAttentionHigh
OpenStackInstanceAttentionSevere
OpenStackInstanceThreatScoreHigh
OpenStackInstanceThreatScoreSevere
OpenStackInstanceBehaviorScoreHigh
OpenStackInstanceBehaviorScoreCritical
OpenStackInstanceHighResourcePressure
OpenStackInstanceSevereResourcePressure
OpenStackInstanceResourceCPUHigh
OpenStackInstanceResourceCPUSevere
OpenStackInstanceResourceMemHigh
OpenStackInstanceResourceMemSevere
OpenStackInstanceResourceDiskHigh
OpenStackInstanceResourceDiskSevere
OpenStackInstanceResourceNetHigh
OpenStackInstanceResourceNetSevere
OpenStackProjectManyHotInstances
OpenStackInstanceHighCPUUsage
OpenStackInstanceHighStealRate
OpenStackInstanceHighMemorySwapInRate
OpenStackInstanceHighMajorFaultRate
OpenStackInstanceHighDiskReadIOPSLocal
OpenStackInstanceHighDiskReadIOPSVolumes
OpenStackInstanceHighDiskReadIOPSPremium
OpenStackInstanceHighDiskReadIOPSUltra
OpenStackInstanceHighDiskWriteIOPSLocal
OpenStackInstanceHighDiskWriteIOPSVolumes
OpenStackInstanceHighDiskWriteIOPSPremium
OpenStackInstanceHighDiskWriteIOPSUltra
OpenStackInstanceDiskReadLatencyHigh
OpenStackInstanceDiskWriteLatencyHigh
OpenStackInstanceDiskFlushLatencyHigh
OpenStackInstanceHighDiskGBReadTotalLongTerm
OpenStackInstanceHighDiskGBWriteTotalLongTerm
OpenStackInstanceHighIncomingPacketRate
OpenStackInstanceHighOutgoingPacketRate
OpenStackInstanceHighBandwidthRateRX
OpenStackInstanceHighBandwidthRateTX
OpenStackInstanceNetworkReceiveDropRatioHigh
OpenStackInstanceNetworkTransmitDropRatioHigh
OpenStackInstanceConntrackFlowsBurst
OpenStackInstanceHighConntrackFlowsSustained
OpenStackInstanceZombieFlowWarning
OpenStackInstanceOutboundPortScanBurst
OpenStackInstanceInboundPortScanBurst
OpenStackInstanceOutboundSingleTargetFlood
OpenStackInstanceInboundSingleSourceFlood
OpenStackInstanceOutboundSprayOnSinglePort
OpenStackInstanceInboundSprayOnSinglePort
OpenStackInstanceOutboundZombieFlowLowThroughput
OpenStackInstanceInboundZombieFlowLowThroughput
OpenStackInstanceOutboundExtremeRemoteFanout
OpenStackInstanceInboundExtremeRemoteFanout
OpenStackInstanceConntrackFlowsGrowthRate
OpenStackInstanceTorExitRepeatedContact
OpenStackInstanceSpamhausRepeatedContact
OpenStackInstanceTorRelayRepeatedContact
OpenStackInstanceEmergingThreatsRepeatedContact
OpenStackInstanceCustomListRepeatedContact
OpenStackInstanceExporterProcessCPUHigh
OpenStackInstanceExporterHostThreatListed
OpenStackInstanceExporterHostConntrackUtilizationHigh
OpenStackInstanceExporterHostConntrackReadErrors
OpenStackInstanceExporterConntrackRawReaderFailed
OpenStackInstanceExporterConntrackReadStale
OpenStackInstanceExporterTorExitListRefreshStale
OpenStackInstanceExporterSpamhausListRefreshStale
OpenStackInstanceExporterEmergingThreatsListRefreshStale
OpenStackInstanceExporterCustomListRefreshStale
