OpenStackInstanceHighStealRate|5m|1
OpenStackInstanceHighMemorySwapInRate|5m|1
OpenStackInstanceHighMajorFaultRate|5m|1
OpenStackInstanceHighDiskGBReadTotalLongTerm|6h|1
OpenStackInstanceHighDiskGBWriteTotalLongTerm|6h|1
OpenStackInstanceHighIncomingPacketRate|4m|1
OpenStackInstanceHighOutgoingPacketRate|4m|1
OpenStackInstanceHighBandwidthRateRX|1m|1
OpenStackInstanceHighBandwidthRateTX|1m|1
OpenStackInstanceNetworkReceiveDropRatioHigh|5m|1
OpenStackInstanceNetworkTransmitDropRatioHigh|5m|1
OpenStackInstanceConntrackFlowsBurst|1m|1
OpenStackInstanceOutboundPortScanBurst|2m|3
OpenStackInstanceInboundPortScanBurst|2m|3
OpenStackInstanceOutboundSingleTargetFlood|2m|2
OpenStackInstanceInboundSingleSourceFlood|2m|2
OpenStackInstanceOutboundSprayOnSinglePort|2m|3
OpenStackInstanceInboundSprayOnSinglePort|2m|3
OpenStackInstanceOutboundZombieFlowLowThroughput|30m|3
OpenStackInstanceInboundZombieFlowLowThroughput|30m|3
OpenStackInstanceOutboundExtremeRemoteFanout|5m|1
OpenStackInstanceInboundExtremeRemoteFanout|5m|1
OpenStackInstanceConntrackFlowsGrowthRate|1m|1
OpenStackInstanceTorExitRepeatedContact|5m|1
OpenStackInstanceSpamhausRepeatedContact|5m|1
OpenStackInstanceTorRelayRepeatedContact|5m|1
OpenStackInstanceEmergingThreatsRepeatedContact|5m|1
OpenStackInstanceCustomListRepeatedContact|5m|1
OpenStackInstanceMiningSuspected|5m|6
OpenStackInstanceMiningCandidatePersistent|5m|2
