oie_instance_resource_axis_available|domain,server_name,instance_uuid,project_uuid,project_name,user_uuid,axis
oie_instance_resource_axis_fresh|domain,server_name,instance_uuid,project_uuid,project_name,user_uuid,axis
oie_instance_resource_axis_last_success_timestamp_seconds|domain,server_name,instance_uuid,project_uuid,project_name,user_uuid,axis
oie_instance_resource_axis_stale_seconds|domain,server_name,instance_uuid,project_uuid,project_name,user_uuid,axis
