oie_host_active_disks|
oie_host_active_fixed_ips|
oie_host_active_projects|
oie_host_cache_cleanup_duration_seconds|
oie_host_collection_cycle_duration_seconds|
oie_host_collection_cycle_lag_seconds|
oie_host_collection_errors_total|
oie_host_conntrack_entries|
oie_host_conntrack_last_success_timestamp_seconds|
oie_host_conntrack_max|
oie_host_conntrack_raw_enobufs_total|
oie_host_conntrack_raw_ok|
oie_host_conntrack_raw_parse_errors_total|
oie_host_conntrack_read_duration_seconds|
oie_host_conntrack_read_errors_total|
oie_host_conntrack_stale_seconds|
oie_host_conntrack_utilization|
oie_host_cpu_active_vcpus|
oie_host_cpu_threads|
oie_host_cpu_usage_percent|
oie_host_go_heap_alloc_bytes|
oie_host_libvirt_active_vms|
oie_host_libvirt_list_duration_seconds|
oie_host_mem_available_mb|
oie_host_mem_free_mb|
oie_host_mem_mb_total|
oie_host_threat_customlist_entries|
oie_host_threat_customlist_refresh_duration_seconds|
oie_host_threat_customlist_refresh_errors_total|
oie_host_threat_customlist_refresh_last_success_timestamp_seconds|
oie_host_threat_emergingthreats_entries|
oie_host_threat_emergingthreats_refresh_duration_seconds|
oie_host_threat_emergingthreats_refresh_errors_total|
oie_host_threat_emergingthreats_refresh_last_success_timestamp_seconds|
oie_host_threat_provider_ip_listed|list,ip,family
oie_host_threat_spamhaus_entries|
oie_host_threat_spamhaus_refresh_duration_seconds|
oie_host_threat_spamhaus_refresh_errors_total|
oie_host_threat_spamhaus_refresh_last_success_timestamp_seconds|
oie_host_threat_tor_exit_entries|
oie_host_threat_tor_exit_refresh_duration_seconds|
oie_host_threat_tor_exit_refresh_errors_total|
oie_host_threat_tor_exit_refresh_last_success_timestamp_seconds|
oie_host_threat_tor_relay_entries|
oie_host_threat_tor_relay_refresh_duration_seconds|
oie_host_threat_tor_relay_refresh_errors_total|
oie_host_threat_tor_relay_refresh_last_success_timestamp_seconds|
oie_instance_attention_severity|domain,server_name,instance_uuid,project_uuid,project_name,user_uuid
oie_instance_behavior_severity|domain,server_name,instance_uuid,project_uuid,project_name,user_uuid
oie_instance_conntrack_ip_flows_inbound|domain,server_name,instance_uuid,project_uuid,project_name,user_uuid,ip,family
oie_instance_conntrack_ip_flows_outbound|domain,server_name,instance_uuid,project_uuid,project_name,user_uuid,ip,family
oie_instance_conntrack_ip_flows|domain,server_name,instance_uuid,project_uuid,project_name,user_uuid,ip,family
oie_instance_cpu_steal_seconds_total|domain,server_name,instance_uuid,project_uuid,project_name,user_uuid,vcpu
oie_instance_cpu_vcpu_count|domain,server_name,instance_uuid,project_uuid,project_name,user_uuid
oie_instance_cpu_vcpu_percent|domain,server_name,instance_uuid,project_uuid,project_name,user_uuid
oie_instance_cpu_wait_seconds_total|domain,server_name,instance_uuid,project_uuid,project_name,user_uuid,vcpu
oie_instance_disk_allocation_bytes|domain,server_name,instance_uuid,project_uuid,project_name,user_uuid,volume_uuid,disk_type,disk_path
oie_instance_disk_capacity_bytes|domain,server_name,instance_uuid,project_uuid,project_name,user_uuid,volume_uuid,disk_type,disk_path
oie_instance_disk_flush_iops|domain,server_name,instance_uuid,project_uuid,project_name,user_uuid,volume_uuid,disk_type,disk_path
oie_instance_disk_flush_latency_seconds|domain,server_name,instance_uuid,project_uuid,project_name,user_uuid,volume_uuid,disk_type,disk_path
oie_instance_disk_flush_requests_total|domain,server_name,instance_uuid,project_uuid,project_name,user_uuid,volume_uuid,disk_type,disk_path
oie_instance_disk_flush_seconds_total|domain,server_name,instance_uuid,project_uuid,project_name,user_uuid,volume_uuid,disk_type,disk_path
oie_instance_disk_info|domain,server_name,instance_uuid,project_uuid,project_name,user_uuid,volume_uuid,disk_type,disk_path
oie_instance_disk_read_gbytes_total|domain,server_name,instance_uuid,project_uuid,project_name,user_uuid,volume_uuid,disk_type,disk_path
oie_instance_disk_read_iops|domain,server_name,instance_uuid,project_uuid,project_name,user_uuid,volume_uuid,disk_type,disk_path
oie_instance_disk_read_latency_seconds|domain,server_name,instance_uuid,project_uuid,project_name,user_uuid,volume_uuid,disk_type,disk_path
oie_instance_disk_read_requests_total|domain,server_name,instance_uuid,project_uuid,project_name,user_uuid,volume_uuid,disk_type,disk_path
oie_instance_disk_read_seconds_total|domain,server_name,instance_uuid,project_uuid,project_name,user_uuid,volume_uuid,disk_type,disk_path
oie_instance_disk_write_gbytes_total|domain,server_name,instance_uuid,project_uuid,project_name,user_uuid,volume_uuid,disk_type,disk_path
oie_instance_disk_write_iops|domain,server_name,instance_uuid,project_uuid,project_name,user_uuid,volume_uuid,disk_type,disk_path
oie_instance_disk_write_latency_seconds|domain,server_name,instance_uuid,project_uuid,project_name,user_uuid,volume_uuid,disk_type,disk_path
oie_instance_disk_write_requests_total|domain,server_name,instance_uuid,project_uuid,project_name,user_uuid,volume_uuid,disk_type,disk_path
oie_instance_disk_write_seconds_total|domain,server_name,instance_uuid,project_uuid,project_name,user_uuid,volume_uuid,disk_type,disk_path
oie_instance_hugetlb_pgalloc_total|domain,server_name,instance_uuid,project_uuid,project_name,user_uuid
oie_instance_hugetlb_pgfail_total|domain,server_name,instance_uuid,project_uuid,project_name,user_uuid
oie_instance_inbound_bytes_per_flow|domain,server_name,instance_uuid,project_uuid,project_name,user_uuid,ip,family
oie_instance_inbound_flows|domain,server_name,instance_uuid,project_uuid,project_name,user_uuid,ip,family
oie_instance_inbound_max_flows_single_dst_port|domain,server_name,instance_uuid,project_uuid,project_name,user_uuid,ip,family
oie_instance_inbound_max_flows_single_remote|domain,server_name,instance_uuid,project_uuid,project_name,user_uuid,ip,family
oie_instance_inbound_new_dst_ports|domain,server_name,instance_uuid,project_uuid,project_name,user_uuid,ip,family
oie_instance_inbound_new_remotes|domain,server_name,instance_uuid,project_uuid,project_name,user_uuid,ip,family
oie_instance_inbound_packets_per_flow|domain,server_name,instance_uuid,project_uuid,project_name,user_uuid,ip,family
oie_instance_inbound_unique_dst_ports|domain,server_name,instance_uuid,project_uuid,project_name,user_uuid,ip,family
oie_instance_inbound_unique_remotes|domain,server_name,instance_uuid,project_uuid,project_name,user_uuid,ip,family
oie_instance_info|domain,server_name,instance_uuid,project_uuid,project_name,user_uuid,user_name,flavor,vcpus,mem_mb,root_type,created_at,metadata_version
oie_instance_mem_allocated_mb|domain,server_name,instance_uuid,project_uuid,project_name,user_uuid
oie_instance_mem_major_faults_total|domain,server_name,instance_uuid,project_uuid,project_name,user_uuid
oie_instance_mem_minor_faults_total|domain,server_name,instance_uuid,project_uuid,project_name,user_uuid
oie_instance_mem_rss_mb|domain,server_name,instance_uuid,project_uuid,project_name,user_uuid
oie_instance_mem_swap_in_bytes_total|domain,server_name,instance_uuid,project_uuid,project_name,user_uuid
oie_instance_mem_swap_out_bytes_total|domain,server_name,instance_uuid,project_uuid,project_name,user_uuid
oie_instance_mem_used_mb|domain,server_name,instance_uuid,project_uuid,project_name,user_uuid
oie_instance_net_rx_dropped_total|domain,server_name,instance_uuid,project_uuid,project_name,user_uuid,ifname
oie_instance_net_rx_errors_total|domain,server_name,instance_uuid,project_uuid,project_name,user_uuid,ifname
oie_instance_net_rx_gbytes_total|domain,server_name,instance_uuid,project_uuid,project_name,user_uuid,ifname
oie_instance_net_rx_packets_total|domain,server_name,instance_uuid,project_uuid,project_name,user_uuid,ifname
oie_instance_net_tx_dropped_total|domain,server_name,instance_uuid,project_uuid,project_name,user_uuid,ifname
oie_instance_net_tx_errors_total|domain,server_name,instance_uuid,project_uuid,project_name,user_uuid,ifname
oie_instance_net_tx_gbytes_total|domain,server_name,instance_uuid,project_uuid,project_name,user_uuid,ifname
oie_instance_net_tx_packets_total|domain,server_name,instance_uuid,project_uuid,project_name,user_uuid,ifname
oie_instance_outbound_bytes_per_flow|domain,server_name,instance_uuid,project_uuid,project_name,user_uuid,ip,family
oie_instance_outbound_flows|domain,server_name,instance_uuid,project_uuid,project_name,user_uuid,ip,family
oie_instance_outbound_max_flows_single_dst_port|domain,server_name,instance_uuid,project_uuid,project_name,user_uuid,ip,family
oie_instance_outbound_max_flows_single_remote|domain,server_name,instance_uuid,project_uuid,project_name,user_uuid,ip,family
oie_instance_outbound_new_dst_ports|domain,server_name,instance_uuid,project_uuid,project_name,user_uuid,ip,family
oie_instance_outbound_new_remotes|domain,server_name,instance_uuid,project_uuid,project_name,user_uuid,ip,family
oie_instance_outbound_packets_per_flow|domain,server_name,instance_uuid,project_uuid,project_name,user_uuid,ip,family
oie_instance_outbound_unique_dst_ports|domain,server_name,instance_uuid,project_uuid,project_name,user_uuid,ip,family
oie_instance_outbound_unique_remotes|domain,server_name,instance_uuid,project_uuid,project_name,user_uuid,ip,family
oie_instance_resource_cpu_severity|domain,server_name,instance_uuid,project_uuid,project_name,user_uuid
oie_instance_resource_disk_severity|domain,server_name,instance_uuid,project_uuid,project_name,user_uuid
oie_instance_resource_mem_severity|domain,server_name,instance_uuid,project_uuid,project_name,user_uuid
oie_instance_resource_net_severity|domain,server_name,instance_uuid,project_uuid,project_name,user_uuid
oie_instance_resource_severity|domain,server_name,instance_uuid,project_uuid,project_name,user_uuid
oie_instance_state_code|domain,server_name,instance_uuid,project_uuid,project_name,user_uuid,state_desc
oie_instance_threat_customlist_active_flows|domain,server_name,instance_uuid,project_uuid,project_name,user_uuid,direction
oie_instance_threat_customlist_contacts_total|domain,server_name,instance_uuid,project_uuid,project_name,user_uuid,direction
oie_instance_threat_emergingthreats_active_flows|domain,server_name,instance_uuid,project_uuid,project_name,user_uuid,direction
oie_instance_threat_emergingthreats_contacts_total|domain,server_name,instance_uuid,project_uuid,project_name,user_uuid,direction
oie_instance_threat_list_severity|domain,server_name,instance_uuid,project_uuid,project_name,user_uuid
oie_instance_threat_spamhaus_active_flows|domain,server_name,instance_uuid,project_uuid,project_name,user_uuid,direction
oie_instance_threat_spamhaus_contacts_total|domain,server_name,instance_uuid,project_uuid,project_name,user_uuid,direction
oie_instance_threat_tor_exit_active_flows|domain,server_name,instance_uuid,project_uuid,project_name,user_uuid,direction
oie_instance_threat_tor_exit_contacts_total|domain,server_name,instance_uuid,project_uuid,project_name,user_uuid,direction
oie_instance_threat_tor_relay_active_flows|domain,server_name,instance_uuid,project_uuid,project_name,user_uuid,direction
oie_instance_threat_tor_relay_contacts_total|domain,server_name,instance_uuid,project_uuid,project_name,user_uuid,direction
