oie_instance_conntrack_ip_flows_inbound|type=GAUGE|help=Inbound conntrack flow entries matched to this fixed IP (VM as destination)|labels=domain="instance-00000042",family="4",instance_uuid="10203040-5060-7080-90a0-b0c0d0e0f001",ip="10.20.30.40",project_name="Pass One Project",project_uuid="project-pass1",server_name="pass1-miner-fixture",user_uuid="user-pass1"|value=0
oie_instance_conntrack_ip_flows_outbound|type=GAUGE|help=Outbound conntrack flow entries matched to this fixed IP (VM as source)|labels=domain="instance-00000042",family="4",instance_uuid="10203040-5060-7080-90a0-b0c0d0e0f001",ip="10.20.30.40",project_name="Pass One Project",project_uuid="project-pass1",server_name="pass1-miner-fixture",user_uuid="user-pass1"|value=2
oie_instance_conntrack_ip_flows|type=GAUGE|help=Conntrack flow entries matched to this fixed IP (inbound + outbound)|labels=domain="instance-00000042",family="4",instance_uuid="10203040-5060-7080-90a0-b0c0d0e0f001",ip="10.20.30.40",project_name="Pass One Project",project_uuid="project-pass1",server_name="pass1-miner-fixture",user_uuid="user-pass1"|value=2
oie_instance_cpu_vcpu_count|type=GAUGE|help=Allocated vCPU count for this instance|labels=domain="instance-00000042",instance_uuid="10203040-5060-7080-90a0-b0c0d0e0f001",project_name="Pass One Project",project_uuid="project-pass1",server_name="pass1-miner-fixture",user_uuid="user-pass1"|value=2
oie_instance_info|type=GAUGE|help=Static instance metadata|labels=created_at="2026-08-22T12:00:00Z",domain="instance-00000042",flavor="fixture.medium",instance_uuid="10203040-5060-7080-90a0-b0c0d0e0f001",mem_mb="4096",metadata_version="1.2.0",project_name="Pass One Project",project_uuid="project-pass1",root_type="volume",server_name="pass1-miner-fixture",user_name="fixture-user",user_uuid="user-pass1",vcpus="2"|value=1
oie_instance_mem_allocated_mb|type=GAUGE|help=Allocated memory for this instance (MB)|labels=domain="instance-00000042",instance_uuid="10203040-5060-7080-90a0-b0c0d0e0f001",project_name="Pass One Project",project_uuid="project-pass1",server_name="pass1-miner-fixture",user_uuid="user-pass1"|value=4096
oie_instance_mining_suspected|type=GAUGE|help=Persisted outbound mining-pool behavior classification (1 = currently suspected)|labels=confidence="high",domain="instance-00000042",family="4",instance_uuid="10203040-5060-7080-90a0-b0c0d0e0f001",ip="10.20.30.40",port="10128",port_name="moneroocean_randomx_stratum",priority="P4",project_name="Pass One Project",project_uuid="project-pass1",server_name="pass1-miner-fixture",user_uuid="user-pass1"|value=1
oie_instance_outbound_bytes_per_flow|type=GAUGE|help=Outbound average bytes per conntrack flow for this fixed IP (requires nf_conntrack_acct=1)|labels=domain="instance-00000042",family="4",instance_uuid="10203040-5060-7080-90a0-b0c0d0e0f001",ip="10.20.30.40",project_name="Pass One Project",project_uuid="project-pass1",server_name="pass1-miner-fixture",user_uuid="user-pass1"|value=5120
oie_instance_outbound_flows|type=GAUGE|help=Outbound conntrack flows initiated by this fixed IP in the current interval|labels=domain="instance-00000042",family="4",instance_uuid="10203040-5060-7080-90a0-b0c0d0e0f001",ip="10.20.30.40",project_name="Pass One Project",project_uuid="project-pass1",server_name="pass1-miner-fixture",user_uuid="user-pass1"|value=2
oie_instance_outbound_max_flows_single_dst_port|type=GAUGE|help=Maximum outbound flows to a single destination port in the current interval|labels=domain="instance-00000042",family="4",instance_uuid="10203040-5060-7080-90a0-b0c0d0e0f001",ip="10.20.30.40",project_name="Pass One Project",project_uuid="project-pass1",server_name="pass1-miner-fixture",user_uuid="user-pass1"|value=2
oie_instance_outbound_max_flows_single_remote|type=GAUGE|help=Maximum outbound flows to a single remote IP in the current interval|labels=domain="instance-00000042",family="4",instance_uuid="10203040-5060-7080-90a0-b0c0d0e0f001",ip="10.20.30.40",project_name="Pass One Project",project_uuid="project-pass1",server_name="pass1-miner-fixture",user_uuid="user-pass1"|value=2
oie_instance_outbound_new_dst_ports|type=GAUGE|help=Outbound new destination ports discovered since previous interval|labels=domain="instance-00000042",family="4",instance_uuid="10203040-5060-7080-90a0-b0c0d0e0f001",ip="10.20.30.40",project_name="Pass One Project",project_uuid="project-pass1",server_name="pass1-miner-fixture",user_uuid="user-pass1"|value=0
oie_instance_outbound_new_remotes|type=GAUGE|help=Outbound new remote IPs discovered since previous interval|labels=domain="instance-00000042",family="4",instance_uuid="10203040-5060-7080-90a0-b0c0d0e0f001",ip="10.20.30.40",project_name="Pass One Project",project_uuid="project-pass1",server_name="pass1-miner-fixture",user_uuid="user-pass1"|value=0
oie_instance_outbound_packets_per_flow|type=GAUGE|help=Outbound average packets per conntrack flow for this fixed IP (requires nf_conntrack_acct=1)|labels=domain="instance-00000042",family="4",instance_uuid="10203040-5060-7080-90a0-b0c0d0e0f001",ip="10.20.30.40",project_name="Pass One Project",project_uuid="project-pass1",server_name="pass1-miner-fixture",user_uuid="user-pass1"|value=5
oie_instance_outbound_unique_dst_ports|type=GAUGE|help=Outbound unique destination ports in the current interval|labels=domain="instance-00000042",family="4",instance_uuid="10203040-5060-7080-90a0-b0c0d0e0f001",ip="10.20.30.40",project_name="Pass One Project",project_uuid="project-pass1",server_name="pass1-miner-fixture",user_uuid="user-pass1"|value=1
oie_instance_outbound_unique_remotes|type=GAUGE|help=Outbound unique remote IPs for this fixed IP in the current interval|labels=domain="instance-00000042",family="4",instance_uuid="10203040-5060-7080-90a0-b0c0d0e0f001",ip="10.20.30.40",project_name="Pass One Project",project_uuid="project-pass1",server_name="pass1-miner-fixture",user_uuid="user-pass1"|value=1
oie_instance_state_code|type=GAUGE|help=Libvirt state code|labels=domain="instance-00000042",instance_uuid="10203040-5060-7080-90a0-b0c0d0e0f001",project_name="Pass One Project",project_uuid="project-pass1",server_name="pass1-miner-fixture",state_desc="running",user_uuid="user-pass1"|value=1
